// Jest Snapshot v1, https://goo.gl/fbAQLP

exports[`App renders correctly 1`] = `
ShallowWrapper {
  "length": 1,
  Symbol(enzyme.__root__): [Circular],
  Symbol(enzyme.__unrendered__): <App />,
  Symbol(enzyme.__renderer__): Object {
    "batchedUpdates": [Function],
    "getNode": [Function],
    "render": [Function],
    "simulateEvent": [Function],
    "unmount": [Function],
  },
  Symbol(enzyme.__node__): Object {
    "instance": null,
    "key": undefined,
    "nodeType": "host",
    "props": Object {
      "children": <div
        className="Layout"
>
        <div
                className="LayoutItem LayoutItem--fill LayoutItem--alignmentCenter LayoutItem--distributionCenter"
        >
                <h1>
                        Loading albums...
                </h1>
        </div>
</div>,
      "className": "Page",
    },
    "ref": null,
    "rendered": Object {
      "instance": null,
      "key": undefined,
      "nodeType": "host",
      "props": Object {
        "children": <div
          className="LayoutItem LayoutItem--fill LayoutItem--alignmentCenter LayoutItem--distributionCenter"
>
          <h1>
                    Loading albums...
          </h1>
</div>,
        "className": "Layout",
      },
      "ref": null,
      "rendered": Object {
        "instance": null,
        "key": undefined,
        "nodeType": "host",
        "props": Object {
          "children": <h1>
            Loading albums...
</h1>,
          "className": "LayoutItem LayoutItem--fill LayoutItem--alignmentCenter LayoutItem--distributionCenter",
        },
        "ref": null,
        "rendered": Object {
          "instance": null,
          "key": undefined,
          "nodeType": "host",
          "props": Object {
            "children": "Loading albums...",
          },
          "ref": null,
          "rendered": "Loading albums...",
          "type": "h1",
        },
        "type": "div",
      },
      "type": "div",
    },
    "type": "main",
  },
  Symbol(enzyme.__nodes__): Array [
    Object {
      "instance": null,
      "key": undefined,
      "nodeType": "host",
      "props": Object {
        "children": <div
          className="Layout"
>
          <div
                    className="LayoutItem LayoutItem--fill LayoutItem--alignmentCenter LayoutItem--distributionCenter"
          >
                    <h1>
                              Loading albums...
                    </h1>
          </div>
</div>,
        "className": "Page",
      },
      "ref": null,
      "rendered": Object {
        "instance": null,
        "key": undefined,
        "nodeType": "host",
        "props": Object {
          "children": <div
            className="LayoutItem LayoutItem--fill LayoutItem--alignmentCenter LayoutItem--distributionCenter"
>
            <h1>
                        Loading albums...
            </h1>
</div>,
          "className": "Layout",
        },
        "ref": null,
        "rendered": Object {
          "instance": null,
          "key": undefined,
          "nodeType": "host",
          "props": Object {
            "children": <h1>
              Loading albums...
</h1>,
            "className": "LayoutItem LayoutItem--fill LayoutItem--alignmentCenter LayoutItem--distributionCenter",
          },
          "ref": null,
          "rendered": Object {
            "instance": null,
            "key": undefined,
            "nodeType": "host",
            "props": Object {
              "children": "Loading albums...",
            },
            "ref": null,
            "rendered": "Loading albums...",
            "type": "h1",
          },
          "type": "div",
        },
        "type": "div",
      },
      "type": "main",
    },
  ],
  Symbol(enzyme.__options__): Object {
    "adapter": ReactSixteenAdapter {
      "options": Object {
        "enableComponentDidUpdateOnSetState": true,
      },
    },
  },
}
`;
